// Jest Snapshot v1, https://goo.gl/fbAQLP

exports[`Landing.vue renders correctly 1`] = `
<b-container
  fluid=""
>
  <div
    class="mt-0"
  >
    <div>
      <b-nav
        align="right"
        class="nav"
      >
        <b-nav-item>
          Register
        </b-nav-item>
         
        <b-nav-item>
          Login
        </b-nav-item>
      </b-nav>
    </div>
     
    <div
      class="header-text text-center mb-5"
    >
      <h1>
        The Custom Dashboard
      </h1>
       
      <h2>
        Design your dashboard, customize your data
      </h2>
       
      <h3>
        No coding skills required!
      </h3>
    </div>
     
    <b-row
      align="center"
      class="m-5 p-5 hero"
    >
      <b-col
        class="svg"
        lg="auto"
        md="auto"
        sm="12"
      >
        <customdashboardsvg-stub
          name="61"
        />
         
        <p
          style="font-size: 24px;"
        >
          Select Data
        </p>
      </b-col>
       
      <b-col
        align-self="center"
        class="svg-arrow"
        lg="auto"
        md="auto"
        sm="12"
      >
        <customdashboardsvg-stub
          name="78"
        />
      </b-col>
       
      <b-col
        class="svg"
        lg="auto"
        md="auto"
        sm="12"
      >
        <customdashboardsvg-stub
          name="62"
        />
         
        <p
          style="font-size: 24px;"
        >
          Arrange Widgets
        </p>
      </b-col>
       
      <b-col
        align-self="center"
        class="svg-arrow"
        lg="auto"
        md="auto"
        sm="12"
      >
        <customdashboardsvg-stub
          name="79"
        />
      </b-col>
       
      <b-col
        class="svg"
        lg="auto"
        md="auto"
        sm="12"
      >
        <customdashboardsvg-stub
          name="77"
        />
         
        <p
          style="font-size: 24px;"
        >
          Visualize Dashboard
        </p>
      </b-col>
    </b-row>
     
    <div
      class="text-center"
    >
      <b-button
        class="px-5 py-3"
        id="get-started"
      >
        Get Started Here
      </b-button>
       
      <p
        id="samples"
      >
        View samples here
      </p>
    </div>
  </div>
   
  <div
    class="image-scroll"
  >
    <b-list-group
      class="overflow-auto"
      horizontal=""
    >
      <b-list-group-item>
        <img
          alt=""
          src="@/assets/img/Image 3.png"
        />
      </b-list-group-item>
       
      <b-list-group-item>
        <img
          alt=""
          src="@/assets/img/(per 1000 live births).png"
        />
      </b-list-group-item>
       
      <b-list-group-item>
        <img
          alt=""
          src="@/assets/img/(per 1000 live births) (NHMIS - 2019).png"
        />
      </b-list-group-item>
       
      <b-list-group-item>
        <img
          alt=""
          src="@/assets/img/(per 1000 live births) NDHS_2018.png"
        />
      </b-list-group-item>
       
      <b-list-group-item>
        <img
          alt=""
          src="@/assets/img/(per 1000 live births) (NHMIS - 2019) (1).png"
        />
      </b-list-group-item>
       
      <b-list-group-item>
        <img
          alt=""
          src="@/assets/img/(per 1000 live births) 2.png"
        />
      </b-list-group-item>
    </b-list-group>
  </div>
   
  <b-row
    style="padding-left: 70.000000026px; padding-right: 70.000000026px;"
  >
    <b-col
      class="p-0 text-left"
      md="7"
      sm="12"
    >
      <b-row
        class="features"
      >
        <b-col>
          <h4
            style="font-size: 24px;"
          >
            Available health data
          </h4>
           
          <p
            class="d-flex"
            style="font-size: 14px;"
          >
            
            Our platform helps you to set up your custom dashboard to suit
            your needs. The dashboard comes with cleaned data on the certain
            key health indicators in Nigeria. This data can be made available
            for your use. The platform allows for sectioning of your charts.
            So you can section your visualizations into any section of your
            choice, giving you control over your data and making it easier to
            analyse
          
          </p>
           
          <b-button>
            Design your dashboard
          </b-button>
        </b-col>
      </b-row>
       
      <b-row
        class="features"
      >
        <b-col>
          <h4
            style="font-size: 24px;"
          >
            Customizable Data
          </h4>
           
          <p
            style="font-size: 14px;"
          >
            
            GOODNEWS! This platform is not just limited to the available data,
            you can also upload the data you are tracking in your team. You
            will be able to input your data and choose any visualization of
            your choice. This feature is being developed and we are eager to
            capture your requirements into the design. If you are interested
            in contributing to the development of this feature, please
            indicate your interest below.
          
          </p>
           
          <b-button>
            INDICATE INTEREST HERE
          </b-button>
        </b-col>
      </b-row>
    </b-col>
     
    <b-col
      md="5"
      sm="12"
    >
      <div>
        <img
          alt=""
          class="img-fluid d-block mx-auto"
          src="@/assets/img/Group 81.png"
        />
      </div>
    </b-col>
  </b-row>
   
  <cdfooter-stub />
</b-container>
`;
