// Jest Snapshot v1, https://goo.gl/fbAQLP

exports[`preferenceTable.vue renders properly 1`] = `
<b-container-stub
  class="text-justify px-5"
  fluid="true"
  tag="div"
>
  <div
    class="top-cont"
  >
    <p
      style="font-size: 28px; font-weight: 700; color: rgb(3, 92, 110); font-family: Work Sans;"
    >
      <b>
        Select your preferences
      </b>
    </p>
     
    <p
      style="font-size: 16px; font-family: Work Sans; margin-top: -17px;"
    >
      
      Select the Program Areas, Data Sources, Period and Coverage Levels you are
      interested in.
    
    </p>
  </div>
   
  <div
    class="d-flex align-items-center justify-content-between"
  />
   
  <b-card-stub
    bodytag="div"
    footertag="div"
    headertag="div"
    subtitletag="h6"
    subtitletextvariant="muted"
    tag="div"
    titletag="h4"
  >
    <b-row-stub
      tag="div"
    >
      <b-col-stub
        lg="4"
        sm="12"
        tag="div"
      >
        <div
          class="d-flex row justify-content-between preferences"
        >
          <p
            style="font-size: 18px; font-weight: 700; color: rgb(3, 92, 110); font-family: Work Sans; align-items: center; margin: 0px;"
          >
            Selection
          </p>
           
          <b-button-stub
            style="font-size: 12.000004px; font-family: Work Sans; border-color: #3f8994; color: rgb(63, 137, 148); background-color: rgb(255, 255, 255);"
            tag="button"
            target="_self"
            type="button"
            variant="secondary"
          >
            Advanced Search
          </b-button-stub>
           
          <!---->
        </div>
         
        <indicators-selection-stub
          selectedindicators=""
        />
         
        <br />
         
        <data-source-stub />
         
        <br />
         
        <!---->
         
        <br />
         
        <!---->
      </b-col-stub>
       
      <b-col-stub
        lg="8"
        sm="12"
        tag="div"
      >
        <div
          style="display: flex; justify-content: space-between; padding: 0px 15px;"
        >
          <p
            style="font-size: 20px; font-weight: 700; color: rgb(3, 92, 110); font-family: Work Sans;"
          >
            Selected Preferences
          </p>
           
          <span
            class="approve"
          >
            <b-button-stub
              style="font-size: 12.000004px; font-family: Work Sans; background-color: rgb(3, 92, 110); color: rgb(255, 255, 255);"
              tag="button"
              target="_self"
              type="button"
              variant="secondary"
            >
              approve Data
            </b-button-stub>
          </span>
        </div>
         
        <data-table-stub
          class="data-table"
        />
         
        <b-row-stub
          alignh="end"
          class="text-right"
          tag="div"
        >
          <b-col-stub
            cols="auto"
            style="font-size: 13px; font-family: Work Sans;"
            tag="div"
          >
            Indicators: 
            <b>
              0 Selected
            </b>
          </b-col-stub>
           
          <b-col-stub
            cols="auto"
            style="font-size: 13px; font-family: Work Sans;"
            tag="div"
          >
            Data Sources: 
            <b>
              0 Selected
            </b>
          </b-col-stub>
           
          <b-col-stub
            cols="auto"
            style="font-size: 13px; font-family: Work Sans;"
            tag="div"
          >
            Period: 
            <b>
              0 Years
            </b>
          </b-col-stub>
           
          <b-col-stub
            cols="auto"
            style="font-size: 13px; font-family: Work Sans;"
            tag="div"
          >
            Levels:
            
          </b-col-stub>
        </b-row-stub>
         
        <div
          class="d-flex align-self-end justify-content-end w-100"
        >
          <!---->
        </div>
      </b-col-stub>
    </b-row-stub>
  </b-card-stub>
</b-container-stub>
`;
