// Jest Snapshot v1, https://goo.gl/fbAQLP

exports[`Advanced Analytics.vue renders correctly 1`] = `
<section>
  <div>
    Mocked Header Component
  </div>
   
  <b-row
    style="position: relative;"
  >
    <img
      alt="path background"
      class="bg"
      src="@/assets/img/analytics/bkg.png"
    />
     
    <div
      class="top-section"
    >
      <div
        class="d-flex flex-column align-items-center"
      >
        <h1>
          The Advanced Analytics Dashboard
        </h1>
         
        <span>
          MultiSource Data Analytics & Triangulation Platform
        </span>
      </div>
       
      <small>
        
        The essence of health data is to ensure that decision-makers have the means to make informed decisions
        and policies for healthcare. Take advantage of the advanced analytic tools to gain valuable insights and
        shape the future of healthcare. Explore key health indicators, analyze trends, and harness the power of
        predictive modeling to anticipate future health trends.
      
      </small>
    </div>
  </b-row>
   
  <div
    class="d-flex flex-column align-items-center mb-3 px-3"
  >
    <span
      class="mb-3 font-weight-bold"
    >
      Select a dashboard to start
    </span>
     
    <b-row
      cols="2"
      cols-md="3"
      cols-xl="6"
    >
      <b-col
        class="d-flex flex-column align-items-center mb-3"
      >
        <router-link
          id="CorrelationAnalysis"
          to="/dashboard/Advanced_Analytics?index=0"
        >
          <img
            alt="Correlation Analysis"
            class="section"
            src=""
          />
        </router-link>
         
        <router-link
          to="/dashboard/Advanced_Analytics?index=0"
        >
          <small
            class="py-2"
            style="font-size: 0.8rem; font-weight: 600;"
          >
            Correlation Analysis
          </small>
        </router-link>
      </b-col>
      <b-col
        class="d-flex flex-column align-items-center mb-3"
      >
        <router-link
          id="DescriptiveAnalysis"
          to="/dashboard/Advanced_Analytics?index=1"
        >
          <img
            alt="Descriptive Analysis"
            class="section"
            src=""
          />
        </router-link>
         
        <router-link
          to="/dashboard/Advanced_Analytics?index=1"
        >
          <small
            class="py-2"
            style="font-size: 0.8rem; font-weight: 600;"
          >
            Descriptive Analysis
          </small>
        </router-link>
      </b-col>
      <b-col
        class="d-flex flex-column align-items-center mb-3"
      >
        <router-link
          id="IndicatorComparison"
          to="/dashboard/Advanced_Analytics?index=2"
        >
          <img
            alt="Indicator Comparison"
            class="section"
            src=""
          />
        </router-link>
         
        <router-link
          to="/dashboard/Advanced_Analytics?index=2"
        >
          <small
            class="py-2"
            style="font-size: 0.8rem; font-weight: 600;"
          >
            Indicator Comparison
          </small>
        </router-link>
      </b-col>
      <b-col
        class="d-flex flex-column align-items-center mb-3"
      >
        <router-link
          id="PredictiveAnalysis"
          to="/dashboard/Advanced_Analytics?index=3"
        >
          <img
            alt="Predictive Analysis"
            class="section"
            src=""
          />
        </router-link>
         
        <router-link
          to="/dashboard/Advanced_Analytics?index=3"
        >
          <small
            class="py-2"
            style="font-size: 0.8rem; font-weight: 600;"
          >
            Predictive Analysis
          </small>
        </router-link>
      </b-col>
      <b-col
        class="d-flex flex-column align-items-center mb-3"
      >
        <router-link
          id="Multi-source Indicator Comparison"
          to="/dashboard/Advanced_Analytics?index=4"
        >
          <img
            alt="Multi-source Indicator Comparison"
            class="section"
            src=""
          />
        </router-link>
         
        <router-link
          to="/dashboard/Advanced_Analytics?index=4"
        >
          <small
            class="py-2"
            style="font-size: 0.8rem; font-weight: 600;"
          >
            Multi-source Indicator Comparison
          </small>
        </router-link>
      </b-col>
      <b-col
        class="d-flex flex-column align-items-center mb-3"
      >
        <router-link
          id="ScatterPlotAnalysis"
          to="/dashboard/Advanced_Analytics?index=5"
        >
          <img
            alt="Scatter Plot Analysis"
            class="section"
            src=""
          />
        </router-link>
         
        <router-link
          to="/dashboard/Advanced_Analytics?index=5"
        >
          <small
            class="py-2"
            style="font-size: 0.8rem; font-weight: 600;"
          >
            Scatter Plot Analysis
          </small>
        </router-link>
      </b-col>
    </b-row>
  </div>
</section>
`;
