// Jest Snapshot v1, https://goo.gl/fbAQLP

exports[`PredictiveAnalysis Component renders correctly with data 1`] = `
<div
  class="iddc_wrapper"
>
  <div
    class="desc d-flex"
  >
    <div
      class="desc-icon p-2"
    >
      <svg
        aria-label="info circle fill"
        class="bi-info-circle-fill data-source-info b-icon bi text-primary"
        data-v-21137bd3=""
        fill="#348481"
        focusable="false"
        height="1em"
        role="img"
        viewBox="0 0 16 16"
        width="1em"
        xmlns="http://www.w3.org/2000/svg"
      >
        <g
          data-v-21137bd3=""
        >
          <path
            d="M8 16A8 8 0 1 0 8 0a8 8 0 0 0 0 16zm.93-9.412l-1 4.705c-.07.34.029.533.304.533.194 0 .487-.07.686-.246l-.088.416c-.287.346-.92.598-1.465.598-.703 0-1.002-.422-.808-1.319l.738-3.468c.064-.293.006-.399-.287-.47l-.451-.081.082-.381 2.29-.287zM8 5.5a1 1 0 1 1 0-2 1 1 0 0 1 0 2z"
          />
        </g>
      </svg>
    </div>
     
    <div
      class="desc-text p-2"
    >
      
      Predictive analysis is a form of advanced analytics that uses current and historical data to
      forecast activity, behavior and trends. It involves applying statistical analysis
      techniques, data queries and machine learning algorithms to data sets to create predictive
      models that place a numerical value or score on the likelihood of a particular action or
      event happening.
    
    </div>
  </div>
   
  <base-overlay>
    <base-sub-card>
       
      <barchart-stub
        chart="[object Object]"
        chartoptions="[object Object]"
        title=""
      />
       
      <!---->
    </base-sub-card>
  </base-overlay>
</div>
`;
